---
source: tests/cli.rs
expression: "ozen(&dir, &[\"tag-menu\", \"new\"])"
---
[
  {
    "action": "tag",
    "arg": "Avi",
    "title": "Avi"
  },
  {
    "action": "tag",
    "arg": "Dana",
    "title": "Dana"
  },
  {
    "action": "separator",
    "arg": null,
    "title": ""
  },
  {
    "action": "new",
    "arg": null,
    "title": "New person…"
  },
  {
    "action": "ignore",
    "arg": [
      "new"
    ],
    "title": "Ignore this voice"
  },
  {
    "action": "tag",
    "arg": "Ignored",
    "title": "Same voice as Ignored"
  },
  {
    "action": "tag",
    "arg": "Ignored 2",
    "title": "Same voice as Ignored 2"
  },
  {
    "action": "ignore",
    "arg": [
      "new"
    ],
    "title": "Ignore all 1 line by S4"
  },
  {
    "action": "separator",
    "arg": null,
    "title": ""
  },
  {
    "action": "tag",
    "arg": "",
    "title": "Clear tag"
  }
]
